[
   {
      "urlref": "/doc/applicatieprofiel/ldes/ontwerpstandaard/2022-05-17",
      "repository": "https://github.com/Informatievlaanderen/OSLOthema-ldes",
      "branchtag": "master",
      "name": "OSLO-LDES-ap",
      "filename": "config/OSLO-LDES-ap.json",
      "navigation": {},
      "dummy": "058",
      "disabled": false
   },
   {
      "urlref": "/doc/vocabularium/ldes/ontwerpstandaard/2022-05-17",
      "repository": "https://github.com/Informatievlaanderen/OSLOthema-ldes",
      "branchtag": "master",
      "name": "ldes",
      "filename": "config/OSLO-LDES-voc.json",
      "navigation": {},
      "dummy": "058",
      "disabled": false
   },
   {
      "urlref": "/doc/applicatieprofiel/ldes",
      "seealso": "/doc/applicatieprofiel/ldes/ontwerpstandaard/2022-05-16",
      "type": "ap",
      "dummy": "057",
      "disabled": false
   },
   {
      "urlref": "/ns/ldes",
      "seealso": "/doc/vocabularium/ldes/ontwerpstandaard/2022-05-16",
      "type": "voc",
      "dummy": "057",
      "disabled": false
   }
]
