[
    {
        "urlref": "/doc/applicatieprofiel/mobiliteit/vervoersknooppunten/kandidaatstandaard/2022-04-01",
        "repository": "https://github.com/Informatievlaanderen/OSLOthema-hoppinPunten",
        "branchtag": "Kandidaat-20221031_02",
        "name": "OSLO-Vervoersknooppunten-ap",
        "filename": "config/vervoersknooppunten-ap.json",
        "dummy": "001",
        "navigation":
        {}
    },
    {
        "urlref": "/doc/vocabularium/mobiliteit/vervoersknooppunten/kandidaatstandaard/2022-04-01",
        "repository": "https://github.com/Informatievlaanderen/OSLOthema-hoppinPunten",
        "branchtag": "Kandidaat-20221031_02",
        "name": "vervoersknooppunten",
        "filename": "config/vervoersknooppunten-voc.json",
        "dummy": "001",
        "navigation":
        {}
    },
    {
        "urlref": "/doc/applicatieprofiel/mobiliteit/vervoersknooppunten",
        "seealso": "/doc/applicatieprofiel/mobiliteit/vervoersknooppunten/kandidaatstandaard/2022-04-01",
        "type": "ap",
        "dummy": "001"
    },
    {
        "urlref": "/ns/mobiliteit/vervoersknooppunten",
        "seealso": "/doc/vocabularium/mobiliteit/vervoersknooppunten/kandidaatstandaard/2022-04-01",
        "type": "voc",
        "dummy": "001"
    }
]